BL51 BANKED LINKER/LOCATER V6.22.4.0                                                    03/25/2025  23:08:26  PAGE 1


BL51 BANKED LINKER/LOCATER V6.22.4.0, INVOKED BY:
C:\KEIL_V5\C51\BIN\BL51.EXE .\Objects\test.obj TO .\Objects\test PRINT (.\Listings\test.m51)


INPUT MODULES INCLUDED:
  .\Objects\test.obj (TEST)


LINK MAP OF MODULE:  .\Objects\test (TEST)


            TYPE    BASE      LENGTH    RELOCATION   SEGMENT NAME
            -----------------------------------------------------

            * * * * * * *   D A T A   M E M O R Y   * * * * * * *
            REG     0000H     0008H     ABSOLUTE     "REG BANK 0"

            * * * * * * *   C O D E   M E M O R Y   * * * * * * *
            CODE    0000H     0027H     ABSOLUTE     



SYMBOL TABLE OF MODULE:  .\Objects\test (TEST)

  VALUE           TYPE          NAME
  ----------------------------------

  -------         MODULE        TEST
  C:0020H         SYMBOL        D1
  C:0022H         SYMBOL        D2
  C:001EH         SYMBOL        DELAY
  C:000AH         SYMBOL        DISPLAY_SEQUENCE
  C:0006H         SYMBOL        LOOKUP
  C:000FH         SYMBOL        NEXT_DIGIT
  D:0080H         SYMBOL        P0
  D:00B0H         SYMBOL        P3
  C:000DH         SYMBOL        SEQUENCE_LOOP
  C:0000H         LINE#         196
  C:0003H         LINE#         197
  C:000AH         LINE#         208
  C:000DH         LINE#         210
  C:000FH         LINE#         212
  C:0010H         LINE#         213
  C:0011H         LINE#         214
  C:0013H         LINE#         215
  C:0014H         LINE#         216
  C:0015H         LINE#         217
  C:0016H         LINE#         218
  C:0018H         LINE#         219
  C:001AH         LINE#         220
  C:001CH         LINE#         221
  C:001EH         LINE#         225
  C:0020H         LINE#         226
  C:0022H         LINE#         227
  C:0024H         LINE#         228
  C:0026H         LINE#         229
  -------         ENDMOD        TEST

BL51 BANKED LINKER/LOCATER V6.22.4.0                                                  03/25/2025  23:08:26  PAGE 2


******************************************************************************
* RESTRICTED VERSION WITH 0800H BYTE CODE SIZE LIMIT; USED: 0027H BYTE ( 1%) *
******************************************************************************

Program Size: data=8.0 xdata=0 code=39
LINK/LOCATE RUN COMPLETE.  0 WARNING(S),  0 ERROR(S)
